-6.000,-1.000
-4.000,0.000
-2.000,1.000
0.000,2.000
2.000,3.000
4.000,4.000
6.000,5.000
